[wplocal.com/index.html]
[backblue.gif]
[fade.gif]
[index.html]
[wplocal.com/wp-includes/css/dist/block-library/style.min4c7e.css]
[wplocal.com/wp-includes/css/dist/block-library/theme.min.14c7e.delayed]
[wplocal.com/index.php/comments/feed/index.html]
[wplocal.com/index.php/feed/index.html]
[wplocal.com/wp-content/themes/twentytwentyone/style4963.css]
[wplocal.com/wp-content/themes/twentytwentyone/assets/css/print4963.css]
[wplocal.com/xmlrpc0db0.php]
[wplocal.com/wp-includes/wlwmanifest.xml]
[wplocal.com/index.php/wp-json/index.html]
[wplocal.com/wp-content/themes/twentytwentyone/assets/js/polyfills4963.js]
[wplocal.com/index.php/2021/02/25/ola-mundo/index.html]
[wplocal.com/wp-content/themes/twentytwentyone/assets/js/responsive-embeds4963.js]
[wplocal.com/index.html]
[wplocal.com/wp-includes/js/wp-embed.min4c7e.js]
[s.w.org/index.html]
[wplocal.com/index.php/wp-json/wp/v2/posts/1.json]
[wplocal.com/index.php/wp-json/oembed/1.0/embed438e.json]
[wplocal.com/index.php/2021/02/25/ola-mundo/feed/index.html]
[wplocal.com/index.php/wp-json/oembed/1.0/embedea67]
[1.gravatar.com/avatar/d7a973c7dab26985da5f961be7b74480c50c.png]
[wplocal.com/wp-includes/js/comment-reply.min4c7e.js]
[wplocal.com/index.php/author/w3wplocal/index.html]
[wplocal.com/index.php/2021/02/25/ola-mundo/index.html]
[wplocal.com/index.php/category/sem-categoria/index.html]
[wplocal.com/Trident/index.html]
[wplocal.com/indexcff1.html]
[wplocal.com/xmlrpc.php]
[wplocal.com/index.php/2021/02/25/ola-mundo/index6809.html]
[wplocal.com/index.php/wp-json/wp/v2/users/1.json]
[wplocal.com/index.php/author/w3wplocal/index.html]
[wplocal.com/index.php/author/w3wplocal/feed/index.html]
[wplocal.com/index.php/2021/02/25/ola-mundo/index6809.html]
[wplocal.com/index.php/2021/02/25/ola-mundo/Trident/index.html]
[wplocal.com/index.php/author/w3wplocal/Trident/index.html]
[wplocal.com/index.php/author/w3wplocal/feed/index.html]
[wplocal.com/index.php/2021/02/25/ola-mundo/feed/index.html]
[wplocal.com/wp-includes/css/dist/block-library/style.min4c7e.css]
[wplocal.com/wp-includes/css/dist/block-library/theme.min4c7e.css]
[wplocal.com/wp-content/themes/twentytwentyone/style4963.css]
[wplocal.com/wp-content/themes/twentytwentyone/assets/css/print4963.css]
[wplocal.com/index.php/wp-json/wp/v2/posts/1.json]
[wplocal.com/index.php/wp-json/wp/v2/users/1.json]
